{"timestamp": "2026-09-06T12:28:54.179767-03:00", "level": "info", "message": "request_received", "correlation_id": "hola", "method": "GET", "path": "/api/v2/activities/"}
{"timestamp": "2026-09-06T12:28:54.181362-03:00", "level": "info", "message": "list_activities", "event": "list_activities", "correlation_id": "hola", "method": "GET", "path": "/api/v2/activities/", "result": "success"}
{"timestamp": "2026-09-06T12:28:54.183132-03:00", "level": "info", "message": "request_completed", "correlation_id": "hola", "method": "GET", "path": "/api/v2/activities/"}
{"timestamp": "2026-09-20T17:55:40.211918-03:00", "level": "info", "message": "Watching for file changes with StatReloader"}
{"timestamp": "2026-09-20T17:55:47.023002-03:00", "level": "info", "message": "request_received", "correlation_id": "a087f7ea-efe6-4a83-8640-47c92bbf559e", "method": "GET", "path": "/api/v2/activities/"}
{"timestamp": "2026-09-20T17:55:47.027229-03:00", "level": "info", "message": "list_activities", "event": "list_activities", "correlation_id": "a087f7ea-efe6-4a83-8640-47c92bbf559e", "method": "GET", "path": "/api/v2/activities/", "result": "success"}
{"timestamp": "2026-09-20T17:55:47.058253-03:00", "level": "info", "message": "request_completed", "correlation_id": "a087f7ea-efe6-4a83-8640-47c92bbf559e", "method": "GET", "path": "/api/v2/activities/"}
{"timestamp": "2026-09-20T17:55:47.233502-03:00", "level": "info", "message": "request_received", "correlation_id": "403286ff-b5d1-4ff0-99e7-0d0ed38417c0", "method": "GET", "path": "/favicon.ico"}
{"timestamp": "2026-09-20T17:55:47.236759-03:00", "level": "info", "message": "request_completed", "correlation_id": "403286ff-b5d1-4ff0-99e7-0d0ed38417c0", "method": "GET", "path": "/favicon.ico"}
{"timestamp": "2026-09-20T17:55:47.237617-03:00", "level": "warning", "message": "Not Found: /favicon.ico"}
{"timestamp": "2026-09-20T17:56:33.944853-03:00", "level": "info", "message": "request_received", "correlation_id": "1b2c8019-51ea-42b1-bd82-bc3a15b85054", "method": "GET", "path": "/api/v1/activities/"}
{"timestamp": "2026-09-20T17:56:33.958881-03:00", "level": "info", "message": "request_completed", "correlation_id": "1b2c8019-51ea-42b1-bd82-bc3a15b85054", "method": "GET", "path": "/api/v1/activities/"}
{"timestamp": "2026-09-20T17:56:39.184703-03:00", "level": "info", "message": "request_received", "correlation_id": "911264c9-71fd-432c-a5eb-60b54491f996", "method": "GET", "path": "/api/v1/enrollments/"}
{"timestamp": "2026-09-20T17:56:39.187953-03:00", "level": "info", "message": "request_completed", "correlation_id": "911264c9-71fd-432c-a5eb-60b54491f996", "method": "GET", "path": "/api/v1/enrollments/"}
{"timestamp": "2026-09-20T17:56:39.188194-03:00", "level": "warning", "message": "Not Found: /api/v1/enrollments/"}
{"timestamp": "2026-09-20T17:57:03.710859-03:00", "level": "info", "message": "request_received", "correlation_id": "f3f8e789-7e2b-42e8-9308-208f942a7d54", "method": "GET", "path": "/api/v1/activities/"}
{"timestamp": "2026-09-20T17:57:03.721201-03:00", "level": "info", "message": "request_completed", "correlation_id": "f3f8e789-7e2b-42e8-9308-208f942a7d54", "method": "GET", "path": "/api/v1/activities/"}
{"timestamp": "2026-09-20T17:57:03.732400-03:00", "level": "info", "message": "request_received", "correlation_id": "783d008f-474c-49a6-8591-5e8b68f7c248", "method": "GET", "path": "/api/v1/activities/1b470ddf-3e84-4b77-9aae-091d21e52bd6"}
{"timestamp": "2026-09-20T17:57:03.740452-03:00", "level": "info", "message": "request_completed", "correlation_id": "783d008f-474c-49a6-8591-5e8b68f7c248", "method": "GET", "path": "/api/v1/activities/1b470ddf-3e84-4b77-9aae-091d21e52bd6"}
{"timestamp": "2026-09-20T17:57:03.966791-03:00", "level": "info", "message": "request_received", "correlation_id": "fcd45c93-dd53-479b-b1f1-6d9d7a455863", "method": "GET", "path": "/api/v1/enrollments/"}
{"timestamp": "2026-09-20T17:57:03.969013-03:00", "level": "info", "message": "request_completed", "correlation_id": "fcd45c93-dd53-479b-b1f1-6d9d7a455863", "method": "GET", "path": "/api/v1/enrollments/"}
{"timestamp": "2026-09-20T17:57:03.969179-03:00", "level": "warning", "message": "Not Found: /api/v1/enrollments/"}
{"timestamp": "2026-09-20T17:57:10.336334-03:00", "level": "info", "message": "request_received", "correlation_id": "6df7ed65-1021-475a-88e8-32aeaebcfdd0", "method": "GET", "path": "/api/v1/enrollments/"}
{"timestamp": "2026-09-20T17:57:10.338276-03:00", "level": "info", "message": "request_completed", "correlation_id": "6df7ed65-1021-475a-88e8-32aeaebcfdd0", "method": "GET", "path": "/api/v1/enrollments/"}
{"timestamp": "2026-09-20T17:57:10.338510-03:00", "level": "warning", "message": "Not Found: /api/v1/enrollments/"}
{"timestamp": "2026-09-20T17:57:25.970927-03:00", "level": "info", "message": "request_received", "correlation_id": "81c01e7e-5b7a-487a-b913-db20b82278b5", "method": "GET", "path": "/api/v1/activities/80c08526-3da1-4f0a-845c-740fa33f1f50"}
{"timestamp": "2026-09-20T17:57:25.980798-03:00", "level": "info", "message": "request_completed", "correlation_id": "81c01e7e-5b7a-487a-b913-db20b82278b5", "method": "GET", "path": "/api/v1/activities/80c08526-3da1-4f0a-845c-740fa33f1f50"}
{"timestamp": "2026-09-20T17:57:26.042043-03:00", "level": "info", "message": "request_received", "correlation_id": "4a0eb01e-28c6-41be-8216-e6126ce07168", "method": "GET", "path": "/api/v1/enrollments/"}
{"timestamp": "2026-09-20T17:57:26.044913-03:00", "level": "info", "message": "request_completed", "correlation_id": "4a0eb01e-28c6-41be-8216-e6126ce07168", "method": "GET", "path": "/api/v1/enrollments/"}
{"timestamp": "2026-09-20T17:57:26.045114-03:00", "level": "warning", "message": "Not Found: /api/v1/enrollments/"}
{"timestamp": "2026-09-20T17:57:30.840799-03:00", "level": "info", "message": "request_received", "correlation_id": "d41a9626-3d1f-4195-8556-3e563a76e572", "method": "GET", "path": "/api/v1/enrollments/"}
{"timestamp": "2026-09-20T17:57:30.842736-03:00", "level": "info", "message": "request_completed", "correlation_id": "d41a9626-3d1f-4195-8556-3e563a76e572", "method": "GET", "path": "/api/v1/enrollments/"}
{"timestamp": "2026-09-20T17:57:30.842975-03:00", "level": "warning", "message": "Not Found: /api/v1/enrollments/"}
{"timestamp": "2026-09-20T17:59:02.579746-03:00", "level": "info", "message": "request_received", "correlation_id": "f877a432-d369-4f9d-8bf7-7dbd511d84f1", "method": "GET", "path": "/api/v1/enrollments/"}
{"timestamp": "2026-09-20T17:59:02.581955-03:00", "level": "info", "message": "request_completed", "correlation_id": "f877a432-d369-4f9d-8bf7-7dbd511d84f1", "method": "GET", "path": "/api/v1/enrollments/"}
{"timestamp": "2026-09-20T17:59:02.582150-03:00", "level": "warning", "message": "Not Found: /api/v1/enrollments/"}
{"timestamp": "2026-09-20T18:06:16.814308-03:00", "level": "info", "message": "request_received", "correlation_id": "569beced-0988-4601-a058-e2bae87641d3", "method": "GET", "path": "/api/v2/me/enrollments/"}
{"timestamp": "2026-09-20T18:06:16.815909-03:00", "level": "info", "message": "get_enrollments", "event": "get_enrollments", "correlation_id": "569beced-0988-4601-a058-e2bae87641d3", "method": "GET", "path": "/api/v2/me/enrollments/", "result": "invalid_participant"}
{"timestamp": "2026-09-20T18:06:16.816502-03:00", "level": "info", "message": "request_completed", "correlation_id": "569beced-0988-4601-a058-e2bae87641d3", "method": "GET", "path": "/api/v2/me/enrollments/"}
{"timestamp": "2026-09-20T18:06:16.816811-03:00", "level": "warning", "message": "Unauthorized: /api/v2/me/enrollments/"}
{"timestamp": "2026-09-20T18:06:17.376343-03:00", "level": "info", "message": "request_received", "correlation_id": "b507bb06-1883-4ea2-9c4d-4aae9730be79", "method": "GET", "path": "/api/v2/me/enrollments/"}
{"timestamp": "2026-09-20T18:06:17.376743-03:00", "level": "info", "message": "get_enrollments", "event": "get_enrollments", "correlation_id": "b507bb06-1883-4ea2-9c4d-4aae9730be79", "method": "GET", "path": "/api/v2/me/enrollments/", "result": "invalid_participant"}
{"timestamp": "2026-09-20T18:06:17.376976-03:00", "level": "info", "message": "request_completed", "correlation_id": "b507bb06-1883-4ea2-9c4d-4aae9730be79", "method": "GET", "path": "/api/v2/me/enrollments/"}
{"timestamp": "2026-09-20T18:06:17.377133-03:00", "level": "warning", "message": "Unauthorized: /api/v2/me/enrollments/"}
{"timestamp": "2026-09-20T18:06:41.324134-03:00", "level": "info", "message": "request_received", "correlation_id": "609352ce-1566-487c-ac48-1303d7821e72", "method": "GET", "path": "/api/v2/activities/"}
{"timestamp": "2026-09-20T18:06:41.326424-03:00", "level": "info", "message": "list_activities", "event": "list_activities", "correlation_id": "609352ce-1566-487c-ac48-1303d7821e72", "method": "GET", "path": "/api/v2/activities/", "result": "success"}
{"timestamp": "2026-09-20T18:06:41.341274-03:00", "level": "info", "message": "request_completed", "correlation_id": "609352ce-1566-487c-ac48-1303d7821e72", "method": "GET", "path": "/api/v2/activities/"}
{"timestamp": "2026-09-20T18:06:41.349283-03:00", "level": "info", "message": "request_received", "correlation_id": "46002b6b-0639-4fec-9e02-62c2b266394d", "method": "GET", "path": "/api/v2/activities/1b470ddf-3e84-4b77-9aae-091d21e52bd6/"}
{"timestamp": "2026-09-20T18:06:41.358130-03:00", "level": "info", "message": "get_activity", "event": "get_activity", "correlation_id": "46002b6b-0639-4fec-9e02-62c2b266394d", "method": "GET", "path": "/api/v2/activities/1b470ddf-3e84-4b77-9aae-091d21e52bd6/", "result": "success"}
{"timestamp": "2026-09-20T18:06:41.358734-03:00", "level": "info", "message": "request_completed", "correlation_id": "46002b6b-0639-4fec-9e02-62c2b266394d", "method": "GET", "path": "/api/v2/activities/1b470ddf-3e84-4b77-9aae-091d21e52bd6/"}
{"timestamp": "2026-09-20T18:06:41.378478-03:00", "level": "info", "message": "request_received", "correlation_id": "a3b24062-abcf-4e39-a9d5-5a57db211dd1", "method": "GET", "path": "/api/v2/activities/6ccaf64f-d37e-4e6c-ae03-f3d6547bb297/"}
{"timestamp": "2026-09-20T18:06:41.386620-03:00", "level": "info", "message": "get_activity", "event": "get_activity", "correlation_id": "a3b24062-abcf-4e39-a9d5-5a57db211dd1", "method": "GET", "path": "/api/v2/activities/6ccaf64f-d37e-4e6c-ae03-f3d6547bb297/", "result": "success"}
{"timestamp": "2026-09-20T18:06:41.387178-03:00", "level": "info", "message": "request_completed", "correlation_id": "a3b24062-abcf-4e39-a9d5-5a57db211dd1", "method": "GET", "path": "/api/v2/activities/6ccaf64f-d37e-4e6c-ae03-f3d6547bb297/"}
{"timestamp": "2026-09-20T18:06:41.393985-03:00", "level": "info", "message": "request_received", "correlation_id": "f6d22474-c41f-43f2-80cb-073398535bd0", "method": "GET", "path": "/api/v2/activities/80c08526-3da1-4f0a-845c-740fa33f1f50/"}
{"timestamp": "2026-09-20T18:06:41.401870-03:00", "level": "info", "message": "get_activity", "event": "get_activity", "correlation_id": "f6d22474-c41f-43f2-80cb-073398535bd0", "method": "GET", "path": "/api/v2/activities/80c08526-3da1-4f0a-845c-740fa33f1f50/", "result": "success"}
{"timestamp": "2026-09-20T18:06:41.402470-03:00", "level": "info", "message": "request_completed", "correlation_id": "f6d22474-c41f-43f2-80cb-073398535bd0", "method": "GET", "path": "/api/v2/activities/80c08526-3da1-4f0a-845c-740fa33f1f50/"}
{"timestamp": "2026-09-20T18:06:41.452380-03:00", "level": "info", "message": "request_received", "correlation_id": "f84f58f9-aa41-48d3-9c7e-d18b6db0840d", "method": "GET", "path": "/api/v2/activities/81c19727-4da2-5f0a-848c-851fa44f1f50/"}
{"timestamp": "2026-09-20T18:06:41.459686-03:00", "level": "info", "message": "get_activity", "event": "get_activity", "correlation_id": "f84f58f9-aa41-48d3-9c7e-d18b6db0840d", "method": "GET", "path": "/api/v2/activities/81c19727-4da2-5f0a-848c-851fa44f1f50/", "result": "success"}
{"timestamp": "2026-09-20T18:06:41.460172-03:00", "level": "info", "message": "request_completed", "correlation_id": "f84f58f9-aa41-48d3-9c7e-d18b6db0840d", "method": "GET", "path": "/api/v2/activities/81c19727-4da2-5f0a-848c-851fa44f1f50/"}
{"timestamp": "2026-09-20T18:06:41.513177-03:00", "level": "info", "message": "request_received", "correlation_id": "64141497-2553-4687-ab8b-6bcc5e05ffe4", "method": "GET", "path": "/api/v2/me/enrollments/"}
{"timestamp": "2026-09-20T18:06:41.513936-03:00", "level": "info", "message": "get_enrollments", "event": "get_enrollments", "correlation_id": "64141497-2553-4687-ab8b-6bcc5e05ffe4", "method": "GET", "path": "/api/v2/me/enrollments/", "result": "success"}
{"timestamp": "2026-09-20T18:06:41.521225-03:00", "level": "info", "message": "request_completed", "correlation_id": "64141497-2553-4687-ab8b-6bcc5e05ffe4", "method": "GET", "path": "/api/v2/me/enrollments/"}
{"timestamp": "2026-09-20T18:06:41.572585-03:00", "level": "info", "message": "request_received", "correlation_id": "e370e0de-3bea-45e0-891b-95bef4e616cd", "method": "GET", "path": "/api/v2/activities/"}
{"timestamp": "2026-09-20T18:06:41.573278-03:00", "level": "info", "message": "list_activities", "event": "list_activities", "correlation_id": "e370e0de-3bea-45e0-891b-95bef4e616cd", "method": "GET", "path": "/api/v2/activities/", "result": "success"}
{"timestamp": "2026-09-20T18:06:41.581209-03:00", "level": "info", "message": "request_completed", "correlation_id": "e370e0de-3bea-45e0-891b-95bef4e616cd", "method": "GET", "path": "/api/v2/activities/"}
{"timestamp": "2026-09-20T18:06:57.814210-03:00", "level": "info", "message": "request_received", "correlation_id": "73d2c8e1-1f18-4cbc-bd4f-9c4547d0159f", "method": "GET", "path": "/api/v2/me/enrollments/"}
{"timestamp": "2026-09-20T18:06:57.814665-03:00", "level": "info", "message": "get_enrollments", "event": "get_enrollments", "correlation_id": "73d2c8e1-1f18-4cbc-bd4f-9c4547d0159f", "method": "GET", "path": "/api/v2/me/enrollments/", "result": "invalid_participant"}
{"timestamp": "2026-09-20T18:06:57.814907-03:00", "level": "info", "message": "request_completed", "correlation_id": "73d2c8e1-1f18-4cbc-bd4f-9c4547d0159f", "method": "GET", "path": "/api/v2/me/enrollments/"}
{"timestamp": "2026-09-20T18:06:57.815125-03:00", "level": "warning", "message": "Unauthorized: /api/v2/me/enrollments/"}
{"timestamp": "2026-09-20T18:07:54.803512-03:00", "level": "info", "message": "request_received", "correlation_id": "e04c13e8-e4ee-4f9b-98b6-bdcf8f5848e9", "method": "GET", "path": "/api/v2/me/enrollments/"}
{"timestamp": "2026-09-20T18:07:54.804143-03:00", "level": "info", "message": "get_enrollments", "event": "get_enrollments", "correlation_id": "e04c13e8-e4ee-4f9b-98b6-bdcf8f5848e9", "method": "GET", "path": "/api/v2/me/enrollments/", "result": "success"}
{"timestamp": "2026-09-20T18:07:54.811482-03:00", "level": "info", "message": "request_completed", "correlation_id": "e04c13e8-e4ee-4f9b-98b6-bdcf8f5848e9", "method": "GET", "path": "/api/v2/me/enrollments/"}
{"timestamp": "2026-09-20T18:08:03.252805-03:00", "level": "info", "message": "request_received", "correlation_id": "4d8b684f-1947-4b08-b9f6-0e9d68cc564e", "method": "GET", "path": "/api/v2/activities/"}
{"timestamp": "2026-09-20T18:08:03.253442-03:00", "level": "info", "message": "list_activities", "event": "list_activities", "correlation_id": "4d8b684f-1947-4b08-b9f6-0e9d68cc564e", "method": "GET", "path": "/api/v2/activities/", "result": "success"}
{"timestamp": "2026-09-20T18:08:03.260717-03:00", "level": "info", "message": "request_completed", "correlation_id": "4d8b684f-1947-4b08-b9f6-0e9d68cc564e", "method": "GET", "path": "/api/v2/activities/"}
{"timestamp": "2026-09-20T18:08:03.271148-03:00", "level": "info", "message": "request_received", "correlation_id": "a44206ca-9a8a-41d2-9653-07327b4f0f2e", "method": "GET", "path": "/api/v2/activities/1b470ddf-3e84-4b77-9aae-091d21e52bd6/"}
{"timestamp": "2026-09-20T18:08:03.278368-03:00", "level": "info", "message": "get_activity", "event": "get_activity", "correlation_id": "a44206ca-9a8a-41d2-9653-07327b4f0f2e", "method": "GET", "path": "/api/v2/activities/1b470ddf-3e84-4b77-9aae-091d21e52bd6/", "result": "success"}
{"timestamp": "2026-09-20T18:08:03.278901-03:00", "level": "info", "message": "request_completed", "correlation_id": "a44206ca-9a8a-41d2-9653-07327b4f0f2e", "method": "GET", "path": "/api/v2/activities/1b470ddf-3e84-4b77-9aae-091d21e52bd6/"}
{"timestamp": "2026-09-20T18:08:03.294283-03:00", "level": "info", "message": "request_received", "correlation_id": "db447610-4729-4648-806e-7e768fa587f8", "method": "GET", "path": "/api/v2/activities/6ccaf64f-d37e-4e6c-ae03-f3d6547bb297/"}
{"timestamp": "2026-09-20T18:08:03.301628-03:00", "level": "info", "message": "get_activity", "event": "get_activity", "correlation_id": "db447610-4729-4648-806e-7e768fa587f8", "method": "GET", "path": "/api/v2/activities/6ccaf64f-d37e-4e6c-ae03-f3d6547bb297/", "result": "success"}
{"timestamp": "2026-09-20T18:08:03.302094-03:00", "level": "info", "message": "request_completed", "correlation_id": "db447610-4729-4648-806e-7e768fa587f8", "method": "GET", "path": "/api/v2/activities/6ccaf64f-d37e-4e6c-ae03-f3d6547bb297/"}
{"timestamp": "2026-09-20T18:08:03.349502-03:00", "level": "info", "message": "request_received", "correlation_id": "cc167f5c-465e-4549-9a00-5a0d70fb63c4", "method": "GET", "path": "/api/v2/activities/80c08526-3da1-4f0a-845c-740fa33f1f50/"}
{"timestamp": "2026-09-20T18:08:03.356312-03:00", "level": "info", "message": "get_activity", "event": "get_activity", "correlation_id": "cc167f5c-465e-4549-9a00-5a0d70fb63c4", "method": "GET", "path": "/api/v2/activities/80c08526-3da1-4f0a-845c-740fa33f1f50/", "result": "success"}
{"timestamp": "2026-09-20T18:08:03.356771-03:00", "level": "info", "message": "request_completed", "correlation_id": "cc167f5c-465e-4549-9a00-5a0d70fb63c4", "method": "GET", "path": "/api/v2/activities/80c08526-3da1-4f0a-845c-740fa33f1f50/"}
{"timestamp": "2026-09-20T18:08:03.404965-03:00", "level": "info", "message": "request_received", "correlation_id": "38945b2d-c3f8-43a0-ad8a-9cbc58e1d93f", "method": "GET", "path": "/api/v2/activities/81c19727-4da2-5f0a-848c-851fa44f1f50/"}
{"timestamp": "2026-09-20T18:08:03.412588-03:00", "level": "info", "message": "get_activity", "event": "get_activity", "correlation_id": "38945b2d-c3f8-43a0-ad8a-9cbc58e1d93f", "method": "GET", "path": "/api/v2/activities/81c19727-4da2-5f0a-848c-851fa44f1f50/", "result": "success"}
{"timestamp": "2026-09-20T18:08:03.413127-03:00", "level": "info", "message": "request_completed", "correlation_id": "38945b2d-c3f8-43a0-ad8a-9cbc58e1d93f", "method": "GET", "path": "/api/v2/activities/81c19727-4da2-5f0a-848c-851fa44f1f50/"}
{"timestamp": "2026-09-20T18:08:03.462031-03:00", "level": "info", "message": "request_received", "correlation_id": "92a5da18-0513-4c4e-863c-a9f1cb15419c", "method": "GET", "path": "/api/v2/me/enrollments/"}
{"timestamp": "2026-09-20T18:08:03.462690-03:00", "level": "info", "message": "get_enrollments", "event": "get_enrollments", "correlation_id": "92a5da18-0513-4c4e-863c-a9f1cb15419c", "method": "GET", "path": "/api/v2/me/enrollments/", "result": "success"}
{"timestamp": "2026-09-20T18:08:03.469625-03:00", "level": "info", "message": "request_completed", "correlation_id": "92a5da18-0513-4c4e-863c-a9f1cb15419c", "method": "GET", "path": "/api/v2/me/enrollments/"}
{"timestamp": "2026-09-20T18:08:03.517516-03:00", "level": "info", "message": "request_received", "correlation_id": "9c7d1be5-c6a1-4378-99d2-fa2c62f00c6b", "method": "GET", "path": "/api/v2/activities/"}
{"timestamp": "2026-09-20T18:08:03.518111-03:00", "level": "info", "message": "list_activities", "event": "list_activities", "correlation_id": "9c7d1be5-c6a1-4378-99d2-fa2c62f00c6b", "method": "GET", "path": "/api/v2/activities/", "result": "success"}
{"timestamp": "2026-09-20T18:08:03.525526-03:00", "level": "info", "message": "request_completed", "correlation_id": "9c7d1be5-c6a1-4378-99d2-fa2c62f00c6b", "method": "GET", "path": "/api/v2/activities/"}
{"timestamp": "2026-09-20T18:08:38.096481-03:00", "level": "info", "message": "request_received", "correlation_id": "5f005899-ea86-432f-844d-95ba5d4a5b7a", "method": "GET", "path": "/api/v2/activities/"}
{"timestamp": "2026-09-20T18:08:38.097166-03:00", "level": "info", "message": "list_activities", "event": "list_activities", "correlation_id": "5f005899-ea86-432f-844d-95ba5d4a5b7a", "method": "GET", "path": "/api/v2/activities/", "result": "success"}
{"timestamp": "2026-09-20T18:08:38.106080-03:00", "level": "info", "message": "request_completed", "correlation_id": "5f005899-ea86-432f-844d-95ba5d4a5b7a", "method": "GET", "path": "/api/v2/activities/"}
{"timestamp": "2026-09-20T18:08:39.250628-03:00", "level": "info", "message": "request_received", "correlation_id": "9853028d-6933-4b3b-9224-3a5da0a1fab3", "method": "GET", "path": "/api/v2/activities/"}
{"timestamp": "2026-09-20T18:08:39.251279-03:00", "level": "info", "message": "list_activities", "event": "list_activities", "correlation_id": "9853028d-6933-4b3b-9224-3a5da0a1fab3", "method": "GET", "path": "/api/v2/activities/", "result": "success"}
{"timestamp": "2026-09-20T18:08:39.258548-03:00", "level": "info", "message": "request_completed", "correlation_id": "9853028d-6933-4b3b-9224-3a5da0a1fab3", "method": "GET", "path": "/api/v2/activities/"}
{"timestamp": "2026-09-20T18:08:39.269684-03:00", "level": "info", "message": "request_received", "correlation_id": "7102e910-395b-4777-9c15-086047a63c0f", "method": "GET", "path": "/api/v2/activities/6ccaf64f-d37e-4e6c-ae03-f3d6547bb297/"}
{"timestamp": "2026-09-20T18:08:39.276808-03:00", "level": "info", "message": "get_activity", "event": "get_activity", "correlation_id": "7102e910-395b-4777-9c15-086047a63c0f", "method": "GET", "path": "/api/v2/activities/6ccaf64f-d37e-4e6c-ae03-f3d6547bb297/", "result": "success"}
{"timestamp": "2026-09-20T18:08:39.277330-03:00", "level": "info", "message": "request_completed", "correlation_id": "7102e910-395b-4777-9c15-086047a63c0f", "method": "GET", "path": "/api/v2/activities/6ccaf64f-d37e-4e6c-ae03-f3d6547bb297/"}
{"timestamp": "2026-09-20T18:08:39.431560-03:00", "level": "info", "message": "request_received", "correlation_id": "65b86662-e70a-473b-b71a-846a095e526e", "method": "OPTIONS", "path": "/api/v2/me/enrollments/"}
{"timestamp": "2026-09-20T18:08:39.432132-03:00", "level": "info", "message": "request_completed", "correlation_id": "65b86662-e70a-473b-b71a-846a095e526e", "method": "OPTIONS", "path": "/api/v2/me/enrollments/"}
{"timestamp": "2026-09-20T18:08:47.608292-03:00", "level": "info", "message": "request_received", "correlation_id": "4aab7bde-de86-4792-9874-fcd9a04d9ff9", "method": "GET", "path": "/api/v2/me/enrollments/"}
{"timestamp": "2026-09-20T18:08:47.608876-03:00", "level": "info", "message": "get_enrollments", "event": "get_enrollments", "correlation_id": "4aab7bde-de86-4792-9874-fcd9a04d9ff9", "method": "GET", "path": "/api/v2/me/enrollments/", "result": "success"}
{"timestamp": "2026-09-20T18:08:47.617000-03:00", "level": "info", "message": "request_completed", "correlation_id": "4aab7bde-de86-4792-9874-fcd9a04d9ff9", "method": "GET", "path": "/api/v2/me/enrollments/"}
{"timestamp": "2026-09-20T18:08:48.834310-03:00", "level": "info", "message": "request_received", "correlation_id": "580d0561-a528-475e-bfaf-676ad4e0416c", "method": "GET", "path": "/api/v2/activities/"}
{"timestamp": "2026-09-20T18:08:48.834943-03:00", "level": "info", "message": "list_activities", "event": "list_activities", "correlation_id": "580d0561-a528-475e-bfaf-676ad4e0416c", "method": "GET", "path": "/api/v2/activities/", "result": "success"}
{"timestamp": "2026-09-20T18:08:48.843693-03:00", "level": "info", "message": "request_completed", "correlation_id": "580d0561-a528-475e-bfaf-676ad4e0416c", "method": "GET", "path": "/api/v2/activities/"}
{"timestamp": "2026-09-20T18:08:49.731159-03:00", "level": "info", "message": "request_received", "correlation_id": "2b6c1fa4-8203-4413-b9f9-d8bf388e61ff", "method": "GET", "path": "/api/v2/activities/1b470ddf-3e84-4b77-9aae-091d21e52bd6/"}
{"timestamp": "2026-09-20T18:08:49.740160-03:00", "level": "info", "message": "get_activity", "event": "get_activity", "correlation_id": "2b6c1fa4-8203-4413-b9f9-d8bf388e61ff", "method": "GET", "path": "/api/v2/activities/1b470ddf-3e84-4b77-9aae-091d21e52bd6/", "result": "success"}
{"timestamp": "2026-09-20T18:08:49.740938-03:00", "level": "info", "message": "request_completed", "correlation_id": "2b6c1fa4-8203-4413-b9f9-d8bf388e61ff", "method": "GET", "path": "/api/v2/activities/1b470ddf-3e84-4b77-9aae-091d21e52bd6/"}
{"timestamp": "2026-09-20T18:08:49.790118-03:00", "level": "info", "message": "request_received", "correlation_id": "058345f0-2ae7-4293-93bb-abd6336baec2", "method": "OPTIONS", "path": "/api/v2/me/enrollments/"}
{"timestamp": "2026-09-20T18:08:49.790700-03:00", "level": "info", "message": "request_completed", "correlation_id": "058345f0-2ae7-4293-93bb-abd6336baec2", "method": "OPTIONS", "path": "/api/v2/me/enrollments/"}
{"timestamp": "2026-09-20T18:08:59.669769-03:00", "level": "info", "message": "request_received", "correlation_id": "02f05ae9-a59d-4b7e-b1a9-d64652c263dc", "method": "GET", "path": "/api/v2/activities/1b470ddf-3e84-4b77-9aae-091d21e52bd6/"}
{"timestamp": "2026-09-20T18:08:59.677403-03:00", "level": "info", "message": "get_activity", "event": "get_activity", "correlation_id": "02f05ae9-a59d-4b7e-b1a9-d64652c263dc", "method": "GET", "path": "/api/v2/activities/1b470ddf-3e84-4b77-9aae-091d21e52bd6/", "result": "success"}
{"timestamp": "2026-09-20T18:08:59.677826-03:00", "level": "info", "message": "request_completed", "correlation_id": "02f05ae9-a59d-4b7e-b1a9-d64652c263dc", "method": "GET", "path": "/api/v2/activities/1b470ddf-3e84-4b77-9aae-091d21e52bd6/"}
{"timestamp": "2026-09-20T18:08:59.736338-03:00", "level": "info", "message": "request_received", "correlation_id": "ffb45898-8406-4198-8f01-8adb5b8e499f", "method": "OPTIONS", "path": "/api/v2/me/enrollments/"}
{"timestamp": "2026-09-20T18:08:59.736876-03:00", "level": "info", "message": "request_completed", "correlation_id": "ffb45898-8406-4198-8f01-8adb5b8e499f", "method": "OPTIONS", "path": "/api/v2/me/enrollments/"}
{"timestamp": "2026-09-20T18:09:01.542653-03:00", "level": "info", "message": "request_received", "correlation_id": "c1a38372-a706-430f-ae17-0c57ceda74af", "method": "GET", "path": "/api/v2/activities/1b470ddf-3e84-4b77-9aae-091d21e52bd6/"}
{"timestamp": "2026-09-20T18:09:01.549287-03:00", "level": "info", "message": "get_activity", "event": "get_activity", "correlation_id": "c1a38372-a706-430f-ae17-0c57ceda74af", "method": "GET", "path": "/api/v2/activities/1b470ddf-3e84-4b77-9aae-091d21e52bd6/", "result": "success"}
{"timestamp": "2026-09-20T18:09:01.549671-03:00", "level": "info", "message": "request_completed", "correlation_id": "c1a38372-a706-430f-ae17-0c57ceda74af", "method": "GET", "path": "/api/v2/activities/1b470ddf-3e84-4b77-9aae-091d21e52bd6/"}
{"timestamp": "2026-09-20T18:09:01.637603-03:00", "level": "info", "message": "request_received", "correlation_id": "56351d0e-203d-4f7a-85ed-d22f9d5c819a", "method": "OPTIONS", "path": "/api/v2/me/enrollments/"}
{"timestamp": "2026-09-20T18:09:01.638079-03:00", "level": "info", "message": "request_completed", "correlation_id": "56351d0e-203d-4f7a-85ed-d22f9d5c819a", "method": "OPTIONS", "path": "/api/v2/me/enrollments/"}
{"timestamp": "2026-09-20T18:12:09.999699-03:00", "level": "info", "message": "request_received", "correlation_id": "ce3c0aa1-11c9-4399-945a-f4144f82e9a6", "method": "GET", "path": "/api/v2/me/enrollments/"}
{"timestamp": "2026-09-20T18:12:10.000405-03:00", "level": "info", "message": "get_enrollments", "event": "get_enrollments", "correlation_id": "ce3c0aa1-11c9-4399-945a-f4144f82e9a6", "method": "GET", "path": "/api/v2/me/enrollments/", "result": "success"}
{"timestamp": "2026-09-20T18:12:10.008002-03:00", "level": "info", "message": "request_completed", "correlation_id": "ce3c0aa1-11c9-4399-945a-f4144f82e9a6", "method": "GET", "path": "/api/v2/me/enrollments/"}
{"timestamp": "2026-09-20T18:12:19.626638-03:00", "level": "info", "message": "request_received", "correlation_id": "57e5091e-f2ae-4fad-863a-d619e55f2d9d", "method": "OPTIONS", "path": "/api/v2/me/enrollments/"}
{"timestamp": "2026-09-20T18:12:19.627264-03:00", "level": "info", "message": "request_completed", "correlation_id": "57e5091e-f2ae-4fad-863a-d619e55f2d9d", "method": "OPTIONS", "path": "/api/v2/me/enrollments/"}
{"timestamp": "2026-09-20T18:13:33.568674-03:00", "level": "info", "message": "/home/jere/uni/dev/actividad_2-Arquitecturas_Web/backend/config/settings.py changed, reloading."}
{"timestamp": "2026-09-20T18:21:15.140655-03:00", "level": "info", "message": "Watching for file changes with StatReloader"}
{"timestamp": "2026-09-20T18:21:46.129805-03:00", "level": "info", "message": "Watching for file changes with StatReloader"}
{"timestamp": "2026-09-20T18:23:29.069403-03:00", "level": "info", "message": "Watching for file changes with StatReloader"}
{"timestamp": "2026-09-20T18:23:35.038939-03:00", "level": "info", "message": "request_received", "correlation_id": "81f49eda-2ffb-4f9f-be36-86d44be52a73", "method": "GET", "path": "/api/v2/activities/6ccaf64f-d37e-4e6c-ae03-f3d6547bb297/"}
{"timestamp": "2026-09-20T18:23:35.057064-03:00", "level": "info", "message": "get_activity", "event": "get_activity", "correlation_id": "81f49eda-2ffb-4f9f-be36-86d44be52a73", "method": "GET", "path": "/api/v2/activities/6ccaf64f-d37e-4e6c-ae03-f3d6547bb297/", "result": "success"}
{"timestamp": "2026-09-20T18:23:35.057920-03:00", "level": "info", "message": "request_completed", "correlation_id": "81f49eda-2ffb-4f9f-be36-86d44be52a73", "method": "GET", "path": "/api/v2/activities/6ccaf64f-d37e-4e6c-ae03-f3d6547bb297/"}
{"timestamp": "2026-09-20T18:23:35.177109-03:00", "level": "info", "message": "request_received", "correlation_id": "471f015d-411e-4ffb-b64f-80e50a37d0f2", "method": "GET", "path": "/api/v2/me/enrollments/"}
{"timestamp": "2026-09-20T18:23:35.177817-03:00", "level": "info", "message": "get_enrollments", "event": "get_enrollments", "correlation_id": "471f015d-411e-4ffb-b64f-80e50a37d0f2", "method": "GET", "path": "/api/v2/me/enrollments/", "result": "success"}
{"timestamp": "2026-09-20T18:23:35.184661-03:00", "level": "info", "message": "request_completed", "correlation_id": "471f015d-411e-4ffb-b64f-80e50a37d0f2", "method": "GET", "path": "/api/v2/me/enrollments/"}
{"timestamp": "2026-09-20T18:23:51.279393-03:00", "level": "info", "message": "request_received", "correlation_id": "7921ba15-b44a-4faa-9eb0-db1ec34c8ae1", "method": "GET", "path": "/api/v2/activities/"}
{"timestamp": "2026-09-20T18:23:51.280261-03:00", "level": "info", "message": "list_activities", "event": "list_activities", "correlation_id": "7921ba15-b44a-4faa-9eb0-db1ec34c8ae1", "method": "GET", "path": "/api/v2/activities/", "result": "success"}
{"timestamp": "2026-09-20T18:23:51.289167-03:00", "level": "info", "message": "request_completed", "correlation_id": "7921ba15-b44a-4faa-9eb0-db1ec34c8ae1", "method": "GET", "path": "/api/v2/activities/"}
{"timestamp": "2026-09-20T18:23:52.375523-03:00", "level": "info", "message": "request_received", "correlation_id": "72840d3c-d951-4070-afaf-a21e34e2e802", "method": "GET", "path": "/api/v2/activities/6ccaf64f-d37e-4e6c-ae03-f3d6547bb297/"}
{"timestamp": "2026-09-20T18:23:52.383610-03:00", "level": "info", "message": "get_activity", "event": "get_activity", "correlation_id": "72840d3c-d951-4070-afaf-a21e34e2e802", "method": "GET", "path": "/api/v2/activities/6ccaf64f-d37e-4e6c-ae03-f3d6547bb297/", "result": "success"}
{"timestamp": "2026-09-20T18:23:52.384112-03:00", "level": "info", "message": "request_completed", "correlation_id": "72840d3c-d951-4070-afaf-a21e34e2e802", "method": "GET", "path": "/api/v2/activities/6ccaf64f-d37e-4e6c-ae03-f3d6547bb297/"}
{"timestamp": "2026-09-20T18:23:52.432379-03:00", "level": "info", "message": "request_received", "correlation_id": "2326cf8f-177f-46ec-b9bb-4afdf57f16d1", "method": "GET", "path": "/api/v2/me/enrollments/"}
{"timestamp": "2026-09-20T18:23:52.433065-03:00", "level": "info", "message": "get_enrollments", "event": "get_enrollments", "correlation_id": "2326cf8f-177f-46ec-b9bb-4afdf57f16d1", "method": "GET", "path": "/api/v2/me/enrollments/", "result": "success"}
{"timestamp": "2026-09-20T18:23:52.443312-03:00", "level": "info", "message": "request_completed", "correlation_id": "2326cf8f-177f-46ec-b9bb-4afdf57f16d1", "method": "GET", "path": "/api/v2/me/enrollments/"}
{"timestamp": "2026-09-20T18:23:54.751936-03:00", "level": "info", "message": "request_received", "correlation_id": "deaec7ca-2fb1-4a19-bdc4-398c6902600a", "method": "GET", "path": "/api/v2/activities/"}
{"timestamp": "2026-09-20T18:23:54.752572-03:00", "level": "info", "message": "list_activities", "event": "list_activities", "correlation_id": "deaec7ca-2fb1-4a19-bdc4-398c6902600a", "method": "GET", "path": "/api/v2/activities/", "result": "success"}
{"timestamp": "2026-09-20T18:23:54.763273-03:00", "level": "info", "message": "request_completed", "correlation_id": "deaec7ca-2fb1-4a19-bdc4-398c6902600a", "method": "GET", "path": "/api/v2/activities/"}
{"timestamp": "2026-09-20T18:23:55.531132-03:00", "level": "info", "message": "request_received", "correlation_id": "ef49ff65-be50-407d-954a-299cec46eb1a", "method": "GET", "path": "/api/v2/me/enrollments/"}
{"timestamp": "2026-09-20T18:23:55.531854-03:00", "level": "info", "message": "get_enrollments", "event": "get_enrollments", "correlation_id": "ef49ff65-be50-407d-954a-299cec46eb1a", "method": "GET", "path": "/api/v2/me/enrollments/", "result": "success"}
{"timestamp": "2026-09-20T18:23:55.540355-03:00", "level": "info", "message": "request_completed", "correlation_id": "ef49ff65-be50-407d-954a-299cec46eb1a", "method": "GET", "path": "/api/v2/me/enrollments/"}
{"timestamp": "2026-09-20T18:23:57.174880-03:00", "level": "info", "message": "request_received", "correlation_id": "e674fc18-e8b4-4c06-b243-4687c9e70d20", "method": "GET", "path": "/api/v2/activities/"}
{"timestamp": "2026-09-20T18:23:57.176720-03:00", "level": "info", "message": "list_activities", "event": "list_activities", "correlation_id": "e674fc18-e8b4-4c06-b243-4687c9e70d20", "method": "GET", "path": "/api/v2/activities/", "result": "success"}
{"timestamp": "2026-09-20T18:23:57.186524-03:00", "level": "info", "message": "request_completed", "correlation_id": "e674fc18-e8b4-4c06-b243-4687c9e70d20", "method": "GET", "path": "/api/v2/activities/"}
{"timestamp": "2026-09-20T18:37:50.029240-03:00", "level": "info", "message": "Watching for file changes with StatReloader"}
{"timestamp": "2026-09-20T18:38:10.646621-03:00", "level": "info", "message": "request_received", "correlation_id": "2d7d7254-b583-4c4e-b837-ecda266aecf2", "method": "GET", "path": "/"}
{"timestamp": "2026-09-20T18:38:10.654380-03:00", "level": "info", "message": "request_completed", "correlation_id": "2d7d7254-b583-4c4e-b837-ecda266aecf2", "method": "GET", "path": "/"}
{"timestamp": "2026-09-20T18:38:10.655562-03:00", "level": "warning", "message": "Not Found: /"}
{"timestamp": "2026-09-20T18:38:10.704197-03:00", "level": "info", "message": "request_received", "correlation_id": "9b57481c-01c0-4734-82ef-0259f580e9ab", "method": "GET", "path": "/favicon.ico"}
{"timestamp": "2026-09-20T18:38:10.706309-03:00", "level": "info", "message": "request_completed", "correlation_id": "9b57481c-01c0-4734-82ef-0259f580e9ab", "method": "GET", "path": "/favicon.ico"}
{"timestamp": "2026-09-20T18:38:10.706550-03:00", "level": "warning", "message": "Not Found: /favicon.ico"}
{"timestamp": "2026-09-20T18:46:06.548641-03:00", "level": "info", "message": "Watching for file changes with StatReloader"}
{"timestamp": "2026-09-20T18:47:25.892619-03:00", "level": "info", "message": "Watching for file changes with StatReloader"}
{"timestamp": "2026-09-20T18:47:33.883779-03:00", "level": "info", "message": "request_received", "correlation_id": "491f22bf-cf76-4807-a7bd-ba10e782fd65", "method": "GET", "path": "/"}
{"timestamp": "2026-09-20T18:47:33.891184-03:00", "level": "info", "message": "request_completed", "correlation_id": "491f22bf-cf76-4807-a7bd-ba10e782fd65", "method": "GET", "path": "/"}
{"timestamp": "2026-09-20T18:47:33.892359-03:00", "level": "warning", "message": "Not Found: /"}
{"timestamp": "2026-09-20T18:47:33.989146-03:00", "level": "info", "message": "request_received", "correlation_id": "f12068f4-f3ee-4099-9ad4-e36aac8a5ccf", "method": "GET", "path": "/favicon.ico"}
{"timestamp": "2026-09-20T18:47:33.993110-03:00", "level": "info", "message": "request_completed", "correlation_id": "f12068f4-f3ee-4099-9ad4-e36aac8a5ccf", "method": "GET", "path": "/favicon.ico"}
{"timestamp": "2026-09-20T18:47:33.993547-03:00", "level": "warning", "message": "Not Found: /favicon.ico"}
{"timestamp": "2026-09-20T18:50:04.840619-03:00", "level": "info", "message": "Watching for file changes with StatReloader"}
{"timestamp": "2026-09-20T18:53:10.222226-03:00", "level": "info", "message": "Watching for file changes with StatReloader"}
{"timestamp": "2026-09-20T18:55:02.917256-03:00", "level": "info", "message": "Watching for file changes with StatReloader"}
{"timestamp": "2026-09-20T19:04:05.548734-03:00", "level": "info", "message": "Watching for file changes with StatReloader"}
{"timestamp": "2026-09-20T19:05:24.370795-03:00", "level": "info", "message": "Watching for file changes with StatReloader"}
{"timestamp": "2026-09-20T19:10:04.513025-03:00", "level": "info", "message": "request_received", "correlation_id": "1553043b-6173-4d4b-8b13-e1c45de847f5", "method": "GET", "path": "/api/v2/activities/"}
{"timestamp": "2026-09-20T19:10:04.517550-03:00", "level": "info", "message": "list_activities", "event": "list_activities", "correlation_id": "1553043b-6173-4d4b-8b13-e1c45de847f5", "method": "GET", "path": "/api/v2/activities/", "result": "success"}
{"timestamp": "2026-09-20T19:10:04.536005-03:00", "level": "info", "message": "request_completed", "correlation_id": "1553043b-6173-4d4b-8b13-e1c45de847f5", "method": "GET", "path": "/api/v2/activities/"}
{"timestamp": "2026-09-20T19:11:12.083740-03:00", "level": "info", "message": "request_received", "correlation_id": "72dfd76e-6805-406b-8f91-9b35c116e15a", "method": "GET", "path": "/api/v2/me/enrollments/"}
{"timestamp": "2026-09-20T19:11:12.085758-03:00", "level": "info", "message": "get_enrollments", "event": "get_enrollments", "correlation_id": "72dfd76e-6805-406b-8f91-9b35c116e15a", "method": "GET", "path": "/api/v2/me/enrollments/", "result": "success"}
{"timestamp": "2026-09-20T19:11:12.095589-03:00", "level": "info", "message": "request_completed", "correlation_id": "72dfd76e-6805-406b-8f91-9b35c116e15a", "method": "GET", "path": "/api/v2/me/enrollments/"}
{"timestamp": "2026-09-20T19:11:13.369788-03:00", "level": "info", "message": "request_received", "correlation_id": "ac9b920c-b073-4480-980c-94817d6887bb", "method": "GET", "path": "/api/v2/activities/"}
{"timestamp": "2026-09-20T19:11:13.370459-03:00", "level": "info", "message": "list_activities", "event": "list_activities", "correlation_id": "ac9b920c-b073-4480-980c-94817d6887bb", "method": "GET", "path": "/api/v2/activities/", "result": "success"}
{"timestamp": "2026-09-20T19:11:13.377679-03:00", "level": "info", "message": "request_completed", "correlation_id": "ac9b920c-b073-4480-980c-94817d6887bb", "method": "GET", "path": "/api/v2/activities/"}
{"timestamp": "2026-09-20T19:11:14.189476-03:00", "level": "info", "message": "request_received", "correlation_id": "5210520f-002c-4450-bd7a-a2daa64741fd", "method": "GET", "path": "/api/v2/activities/"}
{"timestamp": "2026-09-20T19:11:14.190102-03:00", "level": "info", "message": "list_activities", "event": "list_activities", "correlation_id": "5210520f-002c-4450-bd7a-a2daa64741fd", "method": "GET", "path": "/api/v2/activities/", "result": "success"}
{"timestamp": "2026-09-20T19:11:14.196522-03:00", "level": "info", "message": "request_completed", "correlation_id": "5210520f-002c-4450-bd7a-a2daa64741fd", "method": "GET", "path": "/api/v2/activities/"}
{"timestamp": "2026-09-20T19:11:14.210592-03:00", "level": "info", "message": "request_received", "correlation_id": "50bbde09-0321-414f-918f-bc1ff3533be9", "method": "GET", "path": "/api/v2/activities/80c08526-3da1-4f0a-845c-740fa33f1f50/"}
{"timestamp": "2026-09-20T19:11:14.218359-03:00", "level": "info", "message": "get_activity", "event": "get_activity", "correlation_id": "50bbde09-0321-414f-918f-bc1ff3533be9", "method": "GET", "path": "/api/v2/activities/80c08526-3da1-4f0a-845c-740fa33f1f50/", "result": "success"}
{"timestamp": "2026-09-20T19:11:14.218827-03:00", "level": "info", "message": "request_completed", "correlation_id": "50bbde09-0321-414f-918f-bc1ff3533be9", "method": "GET", "path": "/api/v2/activities/80c08526-3da1-4f0a-845c-740fa33f1f50/"}
{"timestamp": "2026-09-20T19:11:23.972043-03:00", "level": "info", "message": "request_received", "correlation_id": "1224fd7c-0ed8-4a47-b761-f3604c26e3c7", "method": "GET", "path": "/api/v2/activities/"}
{"timestamp": "2026-09-20T19:11:23.972611-03:00", "level": "info", "message": "list_activities", "event": "list_activities", "correlation_id": "1224fd7c-0ed8-4a47-b761-f3604c26e3c7", "method": "GET", "path": "/api/v2/activities/", "result": "success"}
{"timestamp": "2026-09-20T19:11:23.979679-03:00", "level": "info", "message": "request_completed", "correlation_id": "1224fd7c-0ed8-4a47-b761-f3604c26e3c7", "method": "GET", "path": "/api/v2/activities/"}
{"timestamp": "2026-09-20T19:11:25.050567-03:00", "level": "info", "message": "request_received", "correlation_id": "32b4279a-dc32-47e4-98fa-bb792970b207", "method": "GET", "path": "/api/v2/activities/6ccaf64f-d37e-4e6c-ae03-f3d6547bb297/"}
{"timestamp": "2026-09-20T19:11:25.056997-03:00", "level": "info", "message": "get_activity", "event": "get_activity", "correlation_id": "32b4279a-dc32-47e4-98fa-bb792970b207", "method": "GET", "path": "/api/v2/activities/6ccaf64f-d37e-4e6c-ae03-f3d6547bb297/", "result": "success"}
{"timestamp": "2026-09-20T19:11:25.057376-03:00", "level": "info", "message": "request_completed", "correlation_id": "32b4279a-dc32-47e4-98fa-bb792970b207", "method": "GET", "path": "/api/v2/activities/6ccaf64f-d37e-4e6c-ae03-f3d6547bb297/"}
{"timestamp": "2026-09-20T19:11:30.149742-03:00", "level": "info", "message": "request_received", "correlation_id": "8721be68-f366-4b70-8824-c42a56a71190", "method": "GET", "path": "/api/v2/activities/"}
{"timestamp": "2026-09-20T19:11:30.150364-03:00", "level": "info", "message": "list_activities", "event": "list_activities", "correlation_id": "8721be68-f366-4b70-8824-c42a56a71190", "method": "GET", "path": "/api/v2/activities/", "result": "success"}
{"timestamp": "2026-09-20T19:11:30.157411-03:00", "level": "info", "message": "request_completed", "correlation_id": "8721be68-f366-4b70-8824-c42a56a71190", "method": "GET", "path": "/api/v2/activities/"}
{"timestamp": "2026-09-20T19:11:32.621094-03:00", "level": "info", "message": "request_received", "correlation_id": "d6300557-4f41-4437-b024-306f765067f0", "method": "GET", "path": "/api/v2/activities/6ccaf64f-d37e-4e6c-ae03-f3d6547bb297/"}
{"timestamp": "2026-09-20T19:11:32.628145-03:00", "level": "info", "message": "get_activity", "event": "get_activity", "correlation_id": "d6300557-4f41-4437-b024-306f765067f0", "method": "GET", "path": "/api/v2/activities/6ccaf64f-d37e-4e6c-ae03-f3d6547bb297/", "result": "success"}
{"timestamp": "2026-09-20T19:11:32.628579-03:00", "level": "info", "message": "request_completed", "correlation_id": "d6300557-4f41-4437-b024-306f765067f0", "method": "GET", "path": "/api/v2/activities/6ccaf64f-d37e-4e6c-ae03-f3d6547bb297/"}
{"timestamp": "2026-09-20T19:12:09.094389-03:00", "level": "info", "message": "request_received", "correlation_id": "bcf3f4e3-3b77-4f16-8788-40b02da3c18f", "method": "GET", "path": "/api/v2/activities/"}
{"timestamp": "2026-09-20T19:12:09.095143-03:00", "level": "info", "message": "list_activities", "event": "list_activities", "correlation_id": "bcf3f4e3-3b77-4f16-8788-40b02da3c18f", "method": "GET", "path": "/api/v2/activities/", "result": "success"}
{"timestamp": "2026-09-20T19:12:09.103040-03:00", "level": "info", "message": "request_completed", "correlation_id": "bcf3f4e3-3b77-4f16-8788-40b02da3c18f", "method": "GET", "path": "/api/v2/activities/"}
{"timestamp": "2026-09-20T19:12:10.657279-03:00", "level": "info", "message": "request_received", "correlation_id": "a080daa6-72cf-4791-9e51-0900ab9637a3", "method": "GET", "path": "/api/v2/activities/1b470ddf-3e84-4b77-9aae-091d21e52bd6/"}
{"timestamp": "2026-09-20T19:12:10.663897-03:00", "level": "info", "message": "get_activity", "event": "get_activity", "correlation_id": "a080daa6-72cf-4791-9e51-0900ab9637a3", "method": "GET", "path": "/api/v2/activities/1b470ddf-3e84-4b77-9aae-091d21e52bd6/", "result": "success"}
{"timestamp": "2026-09-20T19:12:10.664312-03:00", "level": "info", "message": "request_completed", "correlation_id": "a080daa6-72cf-4791-9e51-0900ab9637a3", "method": "GET", "path": "/api/v2/activities/1b470ddf-3e84-4b77-9aae-091d21e52bd6/"}
{"timestamp": "2026-09-20T19:14:42.962670-03:00", "level": "info", "message": "Watching for file changes with StatReloader"}
{"timestamp": "2026-09-20T19:25:16.544432-03:00", "level": "info", "message": "Watching for file changes with StatReloader"}
{"timestamp": "2026-09-20T19:25:29.166736-03:00", "level": "info", "message": "request_received", "correlation_id": "9a5f06c0-dfe1-4498-84fa-a06f3285498a", "method": "GET", "path": "/api/v2/activities/"}
{"timestamp": "2026-09-20T19:25:29.168989-03:00", "level": "info", "message": "list_activities", "event": "list_activities", "correlation_id": "9a5f06c0-dfe1-4498-84fa-a06f3285498a", "method": "GET", "path": "/api/v2/activities/", "result": "success"}
{"timestamp": "2026-09-20T19:25:29.184805-03:00", "level": "info", "message": "request_completed", "correlation_id": "9a5f06c0-dfe1-4498-84fa-a06f3285498a", "method": "GET", "path": "/api/v2/activities/"}
{"timestamp": "2026-09-20T19:26:18.189578-03:00", "level": "info", "message": "request_received", "correlation_id": "ecc6de88-b946-41d6-9411-1fcb5ce20494", "method": "GET", "path": "/api/v2/activities/"}
{"timestamp": "2026-09-20T19:26:18.190724-03:00", "level": "info", "message": "list_activities", "event": "list_activities", "correlation_id": "ecc6de88-b946-41d6-9411-1fcb5ce20494", "method": "GET", "path": "/api/v2/activities/", "result": "success"}
{"timestamp": "2026-09-20T19:26:18.199664-03:00", "level": "info", "message": "request_completed", "correlation_id": "ecc6de88-b946-41d6-9411-1fcb5ce20494", "method": "GET", "path": "/api/v2/activities/"}
{"timestamp": "2026-09-20T19:26:19.316291-03:00", "level": "info", "message": "request_received", "correlation_id": "0a3962f8-1a87-436d-a122-e148abc759af", "method": "GET", "path": "/api/v2/me/enrollments/"}
{"timestamp": "2026-09-20T19:26:19.317166-03:00", "level": "info", "message": "get_enrollments", "event": "get_enrollments", "correlation_id": "0a3962f8-1a87-436d-a122-e148abc759af", "method": "GET", "path": "/api/v2/me/enrollments/", "result": "success"}
{"timestamp": "2026-09-20T19:26:19.324884-03:00", "level": "info", "message": "request_completed", "correlation_id": "0a3962f8-1a87-436d-a122-e148abc759af", "method": "GET", "path": "/api/v2/me/enrollments/"}
{"timestamp": "2026-09-20T19:26:22.084329-03:00", "level": "info", "message": "request_received", "correlation_id": "394a1ab4-bdb3-49c7-84e0-3ce0f3126f0c", "method": "GET", "path": "/api/v2/activities/"}
{"timestamp": "2026-09-20T19:26:22.085249-03:00", "level": "info", "message": "list_activities", "event": "list_activities", "correlation_id": "394a1ab4-bdb3-49c7-84e0-3ce0f3126f0c", "method": "GET", "path": "/api/v2/activities/", "result": "success"}
{"timestamp": "2026-09-20T19:26:22.093385-03:00", "level": "info", "message": "request_completed", "correlation_id": "394a1ab4-bdb3-49c7-84e0-3ce0f3126f0c", "method": "GET", "path": "/api/v2/activities/"}
{"timestamp": "2026-09-20T19:26:22.890424-03:00", "level": "info", "message": "request_received", "correlation_id": "b87f2c60-45ad-4e32-90e1-4ca12a28b31d", "method": "GET", "path": "/api/v2/activities/"}
{"timestamp": "2026-09-20T19:26:22.890963-03:00", "level": "info", "message": "list_activities", "event": "list_activities", "correlation_id": "b87f2c60-45ad-4e32-90e1-4ca12a28b31d", "method": "GET", "path": "/api/v2/activities/", "result": "success"}
{"timestamp": "2026-09-20T19:26:22.897246-03:00", "level": "info", "message": "request_completed", "correlation_id": "b87f2c60-45ad-4e32-90e1-4ca12a28b31d", "method": "GET", "path": "/api/v2/activities/"}
{"timestamp": "2026-09-20T19:26:22.909382-03:00", "level": "info", "message": "request_received", "correlation_id": "fe7f4184-ba4f-4861-8a4b-2c446f38c084", "method": "GET", "path": "/api/v2/activities/1b470ddf-3e84-4b77-9aae-091d21e52bd6/"}
{"timestamp": "2026-09-20T19:26:22.916360-03:00", "level": "info", "message": "get_activity", "event": "get_activity", "correlation_id": "fe7f4184-ba4f-4861-8a4b-2c446f38c084", "method": "GET", "path": "/api/v2/activities/1b470ddf-3e84-4b77-9aae-091d21e52bd6/", "result": "success"}
{"timestamp": "2026-09-20T19:26:22.916814-03:00", "level": "info", "message": "request_completed", "correlation_id": "fe7f4184-ba4f-4861-8a4b-2c446f38c084", "method": "GET", "path": "/api/v2/activities/1b470ddf-3e84-4b77-9aae-091d21e52bd6/"}
